// Jest Snapshot v1, https://goo.gl/fbAQLP

exports[`Component: BlTextFieldAv Should match snapshot 1`] = `
<div
  data-v-app=""
>
  
  <label
    class="label"
    for=""
  />
  <input
    class="input"
    name=""
  />
  
</div>
`;
