// Jest Snapshot v1, https://goo.gl/fbAQLP

exports[`Component: Button Should match snapshot 1`] = `
<button
  class="edSiXT"
>
  <!-- @slot Use slot for text -->
  
  Submit
  
</button>
`;
